// Jest Snapshot v1, https://goo.gl/fbAQLP

exports[`LineSeparator Jest snapshot 1`] = `
<View
  style={
    Object {
      "backgroundColor": "gray",
      "height": 1,
      "marginHorizontal": "10%",
      "opacity": 0.2,
    }
  }
/>
`;
